
> Configure project :
files(...) dependencies are not deobfuscated. Use a flatDir repository instead: https://docs.gradle.org/current/userguide/repository_types.html#sec:flat_dir_resolver
Cannot deobfuscate dependency of type DefaultSelfResolvingDependency_Decorated, using obfuscated version!
New Dep: net.minecraftforge:forge:1.12.2-14.23.5.2860_mapped_snapshot_20171003-1.12

> Task :clean

> Task :compileJava

Deprecated Gradle features were used in this build, making it incompatible with Gradle 5.0.
Use '--warning-mode all' to show the individual deprecation warnings.
See https://docs.gradle.org/4.9/userguide/command_line_interface.html#sec:command_line_warnings

BUILD SUCCESSFUL in 5s
2 actionable tasks: 2 executed
